bandit28@bandit:/tmp/tmp.cZ2TI2PUhR/repo4$ cat > key.txt
May I come in?
^C
bandit28@bandit:/tmp/tmp.cZ2TI2PUhR/repo4$ git add *
bandit28@bandit:/tmp/tmp.cZ2TI2PUhR/repo4$ git commit -m "my commit"
[master 88631c6] my commit
 1 file changed, 1 insertion(+)
 create mode 100644 key.txt
bandit28@bandit:/tmp/tmp.cZ2TI2PUhR/repo4$ git push
kex_exchange_identification: Connection closed by remote host
Connection closed by 127.0.0.1 port 2220
fatal: Could not read from remote repository.

Please make sure you have the correct access rights
and the repository exists.
bandit28@bandit:/tmp/tmp.cZ2TI2PUhR/repo4$ git push
The authenticity of host '[localhost]:2220 ([127.0.0.1]:2220)' can't be
established.
ED25519 key fingerprint is SHA256:C2ihUBV7ihnV1wUXRb4RrEcLfXC5CXlhmAAM/urerLY.
This key is not known by any other names
Are you sure you want to continue connecting (yes/no/[fingerprint])? yes
Could not create directory '/home/bandit28/.ssh' (Permission denied).
Failed to add the host to the list of known hosts
(/home/bandit28/.ssh/known_hosts).
                         _                     _ _ _
                        | |__   __ _ _ __   __| (_) |_
                        | '_ \ / _` | '_ \ / _` | | __|
                        | |_) | (_| | | | | (_| | | |_
                        |_.__/ \__,_|_| |_|\__,_|_|\__|


                      This is an OverTheWire game server.
            More information on http://www.overthewire.org/wargames

bandit31-git@localhost's password:
Enumerating objects: 4, done.
Counting objects: 100% (4/4), done.
Delta compression using up to 2 threads
Compressing objects: 100% (2/2), done.
Writing objects: 100% (3/3), 321 bytes | 321.00 KiB/s, done.
Total 3 (delta 0), reused 0 (delta 0), pack-reused 0
remote: ### Attempting to validate files... ####
remote:
remote: .oOo.oOo.oOo.oOo.oOo.oOo.oOo.oOo.oOo.oOo.
remote:
remote: Well done! Here is the password for the next level:
remote: rmCBvG56y58BXzv98yZGdO7ATVL5dW8y
remote:
remote: .oOo.oOo.oOo.oOo.oOo.oOo.oOo.oOo.oOo.oOo.
remote:
To ssh://localhost:2220/home/bandit31-git/repo
 ! [remote rejected] master -> master (pre-receive hook declined)
error: failed to push some refs to
'ssh://localhost:2220/home/bandit31-git/repo'

